[utopia.com.vn/index.html]
[backblue.gif]
[fade.gif]
[index.html]
[utopia.com.vn/index.php/wp-json/oembed/1.0/embed6293.json]
[utopia.com.vn/index.php/wp-json/oembed/1.0/embed8914]
[utopia.com.vn/index.php/feed/index.html]
[utopia.com.vn/wp-content/plugins/translatepress-multilingual/assets/css/trp-floater-language-switcher5461.css]
[utopia.com.vn/wp-content/plugins/translatepress-multilingual/assets/css/trp-language-switcher5461.css]
[utopia.com.vn/index.php/comments/feed/index.html]
[utopia.com.vn/wp-content/themes/hello-elementor/header-footer.min5589.css]
[utopia.com.vn/wp-content/uploads/elementor/css/custom-frontend.min78ef.css]
[utopia.com.vn/wp-content/uploads/elementor/css/post-978ef.css]
[cdnjs.cloudflare.com/ajax/libs/font-awesome/6.0.0/css/all.minaf8e.css]
[utopia.com.vn/wp-content/themes/hello-elementor/css/utopia-video-galleryb34e.css]
[utopia.com.vn/wp-content/plugins/3d-flipbook-dflip-lite/assets/css/dflip.min736c.css]
[utopia.com.vn/wp-content/uploads/elementor/css/custom-pro-widget-nav-menu.min78ef.css]
[utopia.com.vn/wp-content/plugins/elementor/assets/css/widget-heading.min89ce.css]
[utopia.com.vn/wp-content/uploads/elementor/css/custom-widget-icon-list.min78ef.css]
[utopia.com.vn/wp-content/plugins/elementor/assets/css/widget-divider.min89ce.css]
[utopia.com.vn/wp-content/plugins/elementor/assets/css/widget-social-icons.min89ce.css]
[utopia.com.vn/wp-content/uploads/elementor/css/custom-apple-webkit.min78ef.css]
[utopia.com.vn/wp-content/plugins/elementor/assets/css/widget-video.min89ce.css]
[utopia.com.vn/wp-content/plugins/elementor/assets/lib/swiper/v8/css/swiper.min94a4.css]
[utopia.com.vn/wp-content/plugins/elementor/assets/css/conditionals/e-swiper.min89ce.css]
[utopia.com.vn/wp-content/plugins/elementor-pro/assets/css/widget-nested-carousel.min89ce.css]
[utopia.com.vn/wp-content/uploads/elementor/css/custom-pro-widget-loop-grid.min78ef.css]
[utopia.com.vn/wp-content/uploads/elementor/css/post-6c303.css]
[utopia.com.vn/wp-content/uploads/elementor/css/post-10c303.css]
[utopia.com.vn/wp-content/uploads/elementor/css/post-25c303.css]
[utopia.com.vn/wp-content/uploads/elementor/google-fonts/css/cormorantgaramonddebc.css]
[utopia.com.vn/wp-content/uploads/elementor/google-fonts/css/alata3a74.css]
[utopia.com.vn/wp-content/uploads/elementor/google-fonts/css/sarabunbcbc.css]
[utopia.com.vn/wp-content/uploads/elementor/google-fonts/css/antone1a2.css]
[utopia.com.vn/wp-includes/js/jquery/jquery.minf43b.js]
[utopia.com.vn/wp-includes/js/jquery/jquery-migrate.min5589.js]
[utopia.com.vn/index.php/wp-json/wp/v2/pages/6.json]
[utopia.com.vn/index.php/wp-json/index.html]
[utopia.com.vn/wp-content/uploads/2025/06/cropped-Asset-1-1-32x32.png]
[utopia.com.vn/wp-content/uploads/2025/06/cropped-Asset-1-1-192x192.png]
[utopia.com.vn/en/index.html]
[utopia.com.vn/wp-content/uploads/2025/06/cropped-Asset-1-1-180x180.png]
[utopia.com.vn/wp-content/uploads/elementor/css/post-606c303.css]
[utopia.com.vn/wp-content/uploads/elementor/css/custom-pro-widget-video-playlist.min78ef.css]
[utopia.com.vn/wp-content/plugins/elementor-pro/assets/css/widget-gallery.min89ce.css]
[utopia.com.vn/wp-content/plugins/elementor/assets/lib/e-gallery/css/e-gallery.min7359.css]
[utopia.com.vn/wp-content/plugins/elementor-pro/assets/css/conditionals/transitions.min89ce.css]
[utopia.com.vn/wp-content/uploads/elementor/css/custom-widget-nested-tabs.min78ef.css]
[utopia.com.vn/wp-content/uploads/2025/05/cropped-Vector-1.png]
[utopia.com.vn/wp-content/uploads/2025/05/dce792ad881be4badca1831a32b2316c78d142e1-3.png]
[utopia.com.vn/wp-content/uploads/2025/07/UVR-scaled.jpg]
[utopia.com.vn/wp-content/uploads/2025/07/2025.07.14-UVR_Ban-do-di-chuyen-4-in-1-04-scaled.jpg]
[utopia.com.vn/wp-content/uploads/2026/03/25.12.3-UTOPIA-scaled.png]
[utopia.com.vn/wp-content/uploads/2025/07/View-4_FIX_A-scaled.jpg]
[utopia.com.vn/wp-content/uploads/2025/07/03-SHOPHOUSE-2-scaled.jpg]
[utopia.com.vn/wp-content/uploads/2025/05/92ac5be5b157cb828149d7c41d7f66167203597d.jpg]
[utopia.com.vn/wp-content/uploads/2025/07/View-5_FIX-scaled.jpg]
[utopia.com.vn/wp-content/uploads/2025/05/4f56ad0173023aad63a92a4cfa2f79ce9b485483.png]
[utopia.com.vn/wp-content/uploads/2025/07/PTLDB_DV07-View09-scaled.jpg]
[utopia.com.vn/wp-content/uploads/2025/07/View-7_FIX-scaled.jpg]
[utopia.com.vn/wp-content/uploads/2025/05/24632a38fd3a9d24f40823aba3fcf52a811ba8c6-1.jpg]
[utopia.com.vn/wp-content/uploads/2025/05/871245325792f8b553d1dcc0a69767ce37bcd671.png]
[utopia.com.vn/wp-content/uploads/2025/05/b4a4cd1bae748ca8ab939f3e8bd77e06d330b83c-scaled.jpg]
[utopia.com.vn/wp-content/uploads/2025/05/79e560579d2c18af80e2555ad37a83455e314b71.png]
[utopia.com.vn/wp-content/uploads/2025/05/Scene-8_2-scaled.jpg]
[utopia.com.vn/wp-content/uploads/2025/05/b13b1ed65ba92e7539e207d35d7b063ead010971-e1746837849321.png]
[utopia.com.vn/wp-content/uploads/2025/05/929cf7e06892b38bde7b19261f2be78ac32abd73.png]
[code.jquery.com/jquery-3.6.0.min.js]
[cdnjs.cloudflare.com/ajax/libs/imagemapster/1.5.4/jquery.imagemapster.min.js]
[raw.githubusercontent.com/davidjbradshaw/image-map-resizer/master/js/imageMapResizer.min.js]
[utopia.com.vn/wp-content/uploads/2026/03/ga.jpg]
[utopia.com.vn/wp-content/uploads/2025/05/GALLERY_map.png]
[utopia.com.vn/wp-content/uploads/2026/03/z7303705170547_7a3cc7c7643e7ffe7da6e2a21bc1639f.jpg]
[utopia.com.vn/wp-content/uploads/2025/07/01-VILLA-DLA-1-CS-2-scaled.jpg]
[utopia.com.vn/wp-content/uploads/2025/07/02-VILLA-SLB-1-5-scaled.jpg]
[utopia.com.vn/wp-content/uploads/2025/07/Utopia-Villas-Resort_EXT_ShophouseV1_FIX-scaled.jpg]
[utopia.com.vn/wp-content/uploads/2025/05/3e2eeb5a5c5370789f5d2f11b8278f6163201e55.png]
[utopia.com.vn/wp-content/uploads/2025/05/Anh-man-hinh-2025-06-19-luc-15.38.51-scaled.png]
[utopia.com.vn/wp-content/uploads/2025/05/z6606797386987_a690c43c8973509e05bec905397bb5df.jpg]
[utopia.com.vn/wp-content/uploads/2025/05/49721d7b8fdeb14d1d1f56116b38e6b34e35d81b.png]
[utopia.com.vn/wp-content/uploads/2026/03/01-VILLA-DLA-2-CS-zen-scaled.jpg]
[utopia.com.vn/wp-content/uploads/2026/03/heva-scaled.png]
[utopia.com.vn/wp-content/uploads/2026/03/lake-side.png]
[utopia.com.vn/wp-content/uploads/2026/03/oassi.jpg]
[utopia.com.vn/wp-content/uploads/2026/03/pano-scaled.png]
[utopia.com.vn/wp-content/uploads/2025/07/Scene-2-scaled.jpg]
[utopia.com.vn/wp-content/uploads/2025/07/Ban-sao-View-2-1-scaled.jpg]
[utopia.com.vn/wp-content/uploads/2025/07/View-1-scaled.jpg]
[utopia.com.vn/wp-content/uploads/2025/07/Enscape_2025-07-09-16-19-21-scaled.png]
[utopia.com.vn/wp-content/uploads/2025/07/Enscape_2025-07-09-15-54-08-scaled.png]
[utopia.com.vn/wp-content/uploads/2025/07/View-6_FIX-scaled.jpg]
[utopia.com.vn/wp-content/uploads/2025/07/cc05-3-scaled.jpg]
[utopia.com.vn/wp-content/uploads/2025/07/Scene-1-scaled.jpg]
[utopia.com.vn/wp-content/uploads/2026/03/03-SHOPHOUSE-2-scaled.jpg]
[utopia.com.vn/wp-content/uploads/2025/05/LogoBadge_Best-Township-Master-Plan-Design-Utopia-Villas-Resort-455x1024.jpg]
[utopia.com.vn/wp-content/uploads/2025/05/LogoBadge_Best-Sales-Gallery-Innovative-Design-Utopia-LightriX-Center-455x1024.jpg]
[utopia.com.vn/wp-content/uploads/2025/05/LogoBadge_Best-Innovative-Green-Commercial-Development-Utopia-Grand-Center-455x1024.jpg]
[utopia.com.vn/wp-content/uploads/2025/05/Untitled-3.png]
[utopia.com.vn/wp-content/uploads/2025/05/BHS_logo-Property-01.png]
[utopia.com.vn/wp-content/uploads/2025/05/Untitled-1.png]
[utopia.com.vn/wp-content/uploads/2025/05/aa.png]
[utopia.com.vn/wp-content/uploads/2025/05/Untitled-2.png]
[utopia.com.vn/wp-content/uploads/2025/05/Logo-.png]
[utopia.com.vn/wp-content/uploads/2025/07/View-6_FIX-1-scaled.jpg]
[utopia.com.vn/wp-content/plugins/translatepress-multilingual/assets/images/flags/vi.png]
[utopia.com.vn/wp-content/plugins/translatepress-multilingual/assets/images/flags/en_US.png]
[utopia.com.vn/wp-content/plugins/consultation form utopia/consultation-form5152.js]
[utopia.com.vn/wp-content/themes/hello-elementor/assets/js/hello-frontend.min5589.js]
[utopia.com.vn/wp-content/themes/hello-elementor/js/utopia-video-gallery.js]
[utopia.com.vn/wp-content/plugins/3d-flipbook-dflip-lite/assets/js/dflip.min736c.js]
[utopia.com.vn/wp-content/plugins/elementor-pro/assets/lib/smartmenus/jquery.smartmenus.min1576.js]
[utopia.com.vn/wp-content/plugins/elementor/assets/lib/swiper/v8/swiper.min94a4.js]
[utopia.com.vn/wp-includes/js/imagesloaded.minbb93.js]
[utopia.com.vn/wp-content/plugins/wpfront-scroll-top/js/wpfront-scroll-top.min93a9.js]
[utopia.com.vn/wp-content/plugins/elementor/assets/lib/e-gallery/js/e-gallery.min7359.js]
[utopia.com.vn/wp-content/plugins/elementor-pro/assets/js/webpack-pro.runtime.min89ce.js]
[utopia.com.vn/wp-content/plugins/elementor/assets/js/webpack.runtime.min89ce.js]
[utopia.com.vn/wp-content/plugins/elementor/assets/js/frontend-modules.min89ce.js]
[utopia.com.vn/wp-includes/js/dist/hooks.minaf5f.js]
[utopia.com.vn/wp-includes/js/dist/i18n.min1cde.js]
[utopia.com.vn/wp-content/plugins/elementor-pro/assets/js/frontend.min89ce.js]
[utopia.com.vn/wp-includes/js/jquery/ui/core.minb37e.js]
[utopia.com.vn/wp-content/plugins/elementor/assets/js/frontend.min89ce.js]
[utopia.com.vn/wp-content/plugins/elementor-pro/assets/js/elements-handlers.min89ce.js]
[utopia.com.vn/index.html]
[utopia.com.vn/wp-content/plugins/translatepress-multilingual/assets/css/trp-floater-language-switcher5461.css]
[utopia.com.vn/wp-content/plugins/translatepress-multilingual/assets/images/arrow-down-3101.svg]
[utopia.com.vn/wp-content/plugins/translatepress-multilingual/assets/css/trp-language-switcher5461.css]
[utopia.com.vn/wp-content/themes/hello-elementor/header-footer.min5589.css]
[utopia.com.vn/wp-content/uploads/elementor/css/custom-frontend.min78ef.css]
[utopia.com.vn/wp-content/uploads/elementor/css/post-978ef.css]
[cdnjs.cloudflare.com/ajax/libs/font-awesome/6.0.0/css/all.minaf8e.css]
[utopia.com.vn/wp-content/themes/hello-elementor/css/utopia-video-galleryb34e.css]
[utopia.com.vn/wp-content/plugins/3d-flipbook-dflip-lite/assets/css/dflip.min736c.css]
[utopia.com.vn/wp-content/uploads/elementor/css/custom-pro-widget-nav-menu.min78ef.css]
[utopia.com.vn/wp-content/plugins/elementor/assets/css/widget-image.min89ce.css]
[utopia.com.vn/wp-content/plugins/elementor/assets/css/widget-heading.min89ce.css]
[utopia.com.vn/wp-content/uploads/elementor/css/custom-widget-icon-list.min78ef.css]
[utopia.com.vn/wp-content/plugins/elementor/assets/css/widget-divider.min89ce.css]
[utopia.com.vn/wp-content/plugins/elementor/assets/css/widget-social-icons.min89ce.css]
[utopia.com.vn/wp-content/uploads/elementor/css/custom-apple-webkit.min78ef.css]
[utopia.com.vn/wp-content/plugins/elementor/assets/lib/animations/styles/fadeIn.min89ce.css]
[utopia.com.vn/wp-content/plugins/elementor/assets/lib/animations/styles/fadeInUp.min89ce.css]
[utopia.com.vn/wp-content/plugins/elementor/assets/css/widget-video.min89ce.css]
[utopia.com.vn/wp-content/plugins/elementor/assets/lib/animations/styles/fadeInRight.min89ce.css]
[utopia.com.vn/wp-content/plugins/elementor/assets/lib/animations/styles/fadeInLeft.min89ce.css]
[utopia.com.vn/wp-content/plugins/elementor/assets/lib/swiper/v8/css/swiper.min94a4.css]
[utopia.com.vn/wp-content/plugins/elementor/assets/css/conditionals/e-swiper.min89ce.css]
[utopia.com.vn/wp-content/plugins/elementor-pro/assets/css/widget-nested-carousel.min89ce.css]
[utopia.com.vn/wp-content/plugins/elementor/assets/lib/animations/styles/fadeInDown.min89ce.css]
[utopia.com.vn/wp-content/plugins/elementor/assets/lib/animations/styles/zoomIn.min89ce.css]
[utopia.com.vn/wp-content/plugins/elementor-pro/assets/css/widget-loop-common.min89ce.css]
[utopia.com.vn/wp-content/uploads/elementor/css/custom-pro-widget-loop-grid.min78ef.css]
[utopia.com.vn/wp-content/uploads/2025/07/Ban-sao-View-2-scaled.jpg]
[utopia.com.vn/wp-content/uploads/2025/07/Ban-sao-View-1-scaled.jpg]
[utopia.com.vn/wp-content/uploads/2025/07/z6833176318830_bd23ae95ed8fbbe0c7a7eadb13b1c42f.jpg]
[utopia.com.vn/wp-content/uploads/2025/05/z6491756183933_013024291be1e7d53aa7a2e32f62f1a4.jpg]
[utopia.com.vn/wp-content/uploads/2025/07/View-9_FIX-scaled.jpg]
[utopia.com.vn/wp-content/uploads/2025/05/Vuon-uom.jpg]
[utopia.com.vn/wp-content/uploads/elementor/css/post-6c303.css]
[utopia.com.vn/wp-content/uploads/2025/05/56f7a2d958cd648c04e0a9dab600032da3f41b95.png]
[utopia.com.vn/wp-content/uploads/elementor/css/post-10c303.css]
[utopia.com.vn/wp-content/uploads/2025/05/View-7_FIX-scaled.jpg]
[utopia.com.vn/wp-content/uploads/elementor/css/post-25c303.css]
[utopia.com.vn/wp-content/uploads/elementor/google-fonts/fonts/cormorantgaramond-co3zmx5slcnuhli8bley9mk7whwmhyjyretfmsq17w.woff2]
[utopia.com.vn/wp-content/uploads/elementor/google-fonts/fonts/cormorantgaramond-co3zmx5slcnuhli8bley9mk7whwmhyjyretmmsq17w.woff2]
[utopia.com.vn/wp-content/uploads/elementor/google-fonts/fonts/cormorantgaramond-co3zmx5slcnuhli8bley9mk7whwmhyjyrethmsq17w.woff2]
[utopia.com.vn/wp-content/uploads/elementor/google-fonts/fonts/cormorantgaramond-co3zmx5slcnuhli8bley9mk7whwmhyjyretgmsq17w.woff2]
[utopia.com.vn/wp-content/uploads/elementor/google-fonts/fonts/cormorantgaramond-co3zmx5slcnuhli8bley9mk7whwmhyjyretimso.woff2]
[utopia.com.vn/wp-content/uploads/elementor/google-fonts/fonts/cormorantgaramond-co3bmx5slcnuhli8bley9mk7whwmhyjyphtkgs4.woff2]
[utopia.com.vn/wp-content/uploads/elementor/google-fonts/fonts/cormorantgaramond-co3bmx5slcnuhli8bley9mk7whwmhyjyrxtkgs4.woff2]
[utopia.com.vn/wp-content/uploads/elementor/google-fonts/fonts/cormorantgaramond-co3bmx5slcnuhli8bley9mk7whwmhyjypntkgs4.woff2]
[utopia.com.vn/wp-content/uploads/elementor/google-fonts/fonts/cormorantgaramond-co3bmx5slcnuhli8bley9mk7whwmhyjyp3tkgs4.woff2]
[utopia.com.vn/wp-content/uploads/elementor/google-fonts/fonts/cormorantgaramond-co3bmx5slcnuhli8bley9mk7whwmhyjyqxtk.woff2]
[utopia.com.vn/wp-content/uploads/elementor/google-fonts/css/cormorantgaramonddebc.css]
[utopia.com.vn/wp-content/uploads/elementor/google-fonts/fonts/alata-pbytfmztewbioceyzqyhqa.woff2]
[utopia.com.vn/wp-content/uploads/elementor/google-fonts/fonts/alata-pbytfmztewbiocezzqyhqa.woff2]
[utopia.com.vn/wp-content/uploads/elementor/google-fonts/fonts/alata-pbytfmztewbioce9zqy.woff2]
[utopia.com.vn/wp-content/uploads/elementor/google-fonts/css/alata3a74.css]
[utopia.com.vn/wp-content/uploads/elementor/google-fonts/fonts/sarabun-dtvnjx26tker37c9abbx_kwfzg3upg.woff2]
[utopia.com.vn/wp-content/uploads/elementor/google-fonts/fonts/sarabun-dtvnjx26tker37c9abbx_kwezg3upg.woff2]
[utopia.com.vn/wp-content/uploads/elementor/google-fonts/fonts/sarabun-dtvnjx26tker37c9abbx_kwlzg0.woff2]
[utopia.com.vn/wp-content/uploads/elementor/google-fonts/fonts/sarabun-dtvkjx26tker37c9abbxul0c_sjtnwe.woff2]
[utopia.com.vn/wp-content/uploads/elementor/google-fonts/fonts/sarabun-dtvkjx26tker37c9abbxul0c5ijtnwe.woff2]
[utopia.com.vn/wp-content/uploads/elementor/google-fonts/fonts/sarabun-dtvkjx26tker37c9abbxul0c5yjtnwe.woff2]
[utopia.com.vn/wp-content/uploads/elementor/google-fonts/fonts/sarabun-dtvkjx26tker37c9abbxul0c6sjt.woff2]
[utopia.com.vn/wp-content/uploads/elementor/google-fonts/fonts/sarabun-dtvkjx26tker37c9abbxnl4c_sjtnwe.woff2]
[utopia.com.vn/wp-content/uploads/elementor/google-fonts/fonts/sarabun-dtvkjx26tker37c9abbxnl4c5ijtnwe.woff2]
[utopia.com.vn/wp-content/uploads/elementor/google-fonts/fonts/sarabun-dtvkjx26tker37c9abbxnl4c5yjtnwe.woff2]
[utopia.com.vn/wp-content/uploads/elementor/google-fonts/fonts/sarabun-dtvkjx26tker37c9abbxnl4c6sjt.woff2]
[utopia.com.vn/wp-content/uploads/elementor/google-fonts/fonts/sarabun-dtvhjx26tker37c9abb5ixwj1gk.woff2]
[utopia.com.vn/wp-content/uploads/elementor/google-fonts/fonts/sarabun-dtvhjx26tker37c9abb5knwj1gk.woff2]
[utopia.com.vn/wp-content/uploads/elementor/google-fonts/fonts/sarabun-dtvhjx26tker37c9abb5k3wj1gk.woff2]
[utopia.com.vn/wp-content/uploads/elementor/google-fonts/fonts/sarabun-dtvhjx26tker37c9abb5nxwj.woff2]
[utopia.com.vn/wp-content/uploads/elementor/google-fonts/fonts/sarabun-dtvkjx26tker37c9abbxbl8c_sjtnwe.woff2]
[utopia.com.vn/wp-content/uploads/elementor/google-fonts/fonts/sarabun-dtvkjx26tker37c9abbxbl8c5ijtnwe.woff2]
[utopia.com.vn/wp-content/uploads/elementor/google-fonts/fonts/sarabun-dtvkjx26tker37c9abbxbl8c5yjtnwe.woff2]
[utopia.com.vn/wp-content/uploads/elementor/google-fonts/fonts/sarabun-dtvkjx26tker37c9abbxbl8c6sjt.woff2]
[utopia.com.vn/wp-content/uploads/elementor/google-fonts/fonts/sarabun-dtvkjx26tker37c9abbxqlgc_sjtnwe.woff2]
[utopia.com.vn/wp-content/uploads/elementor/google-fonts/fonts/sarabun-dtvkjx26tker37c9abbxqlgc5ijtnwe.woff2]
[utopia.com.vn/wp-content/uploads/elementor/google-fonts/fonts/sarabun-dtvkjx26tker37c9abbxqlgc5yjtnwe.woff2]
[utopia.com.vn/wp-content/uploads/elementor/google-fonts/fonts/sarabun-dtvkjx26tker37c9abbxqlgc6sjt.woff2]
[utopia.com.vn/wp-content/uploads/elementor/google-fonts/fonts/sarabun-dtvkjx26tker37c9abbxjlkc_sjtnwe.woff2]
[utopia.com.vn/wp-content/uploads/elementor/google-fonts/fonts/sarabun-dtvkjx26tker37c9abbxjlkc5ijtnwe.woff2]
[utopia.com.vn/wp-content/uploads/elementor/google-fonts/fonts/sarabun-dtvkjx26tker37c9abbxjlkc5yjtnwe.woff2]
[utopia.com.vn/wp-content/uploads/elementor/google-fonts/fonts/sarabun-dtvkjx26tker37c9abbxjlkc6sjt.woff2]
[utopia.com.vn/wp-content/uploads/elementor/google-fonts/fonts/sarabun-dtvkjx26tker37c9abbxoloc_sjtnwe.woff2]
[utopia.com.vn/wp-content/uploads/elementor/google-fonts/fonts/sarabun-dtvkjx26tker37c9abbxoloc5ijtnwe.woff2]
[utopia.com.vn/wp-content/uploads/elementor/google-fonts/fonts/sarabun-dtvkjx26tker37c9abbxoloc5yjtnwe.woff2]
[utopia.com.vn/wp-content/uploads/elementor/google-fonts/fonts/sarabun-dtvkjx26tker37c9abbxoloc6sjt.woff2]
[utopia.com.vn/wp-content/uploads/elementor/google-fonts/fonts/sarabun-dtvhjx26tker37c9yhz5ixwj1gk.woff2]
[utopia.com.vn/wp-content/uploads/elementor/google-fonts/fonts/sarabun-dtvhjx26tker37c9yhz5knwj1gk.woff2]
[utopia.com.vn/wp-content/uploads/elementor/google-fonts/fonts/sarabun-dtvhjx26tker37c9yhz5k3wj1gk.woff2]
[utopia.com.vn/wp-content/uploads/elementor/google-fonts/fonts/sarabun-dtvhjx26tker37c9yhz5nxwj.woff2]
[utopia.com.vn/wp-content/uploads/elementor/google-fonts/fonts/sarabun-dtvmjx26tker37c9ynpoik8s6zdx.woff2]
[utopia.com.vn/wp-content/uploads/elementor/google-fonts/fonts/sarabun-dtvmjx26tker37c9ynpoilqs6zdx.woff2]
[utopia.com.vn/wp-content/uploads/elementor/google-fonts/fonts/sarabun-dtvmjx26tker37c9ynpoilus6zdx.woff2]
[utopia.com.vn/wp-content/uploads/elementor/google-fonts/fonts/sarabun-dtvmjx26tker37c9ynpoilss6w.woff2]
[utopia.com.vn/wp-content/uploads/elementor/google-fonts/fonts/sarabun-dtvmjx26tker37c9yl5rik8s6zdx.woff2]
[utopia.com.vn/wp-content/uploads/elementor/google-fonts/fonts/sarabun-dtvmjx26tker37c9yl5rilqs6zdx.woff2]
[utopia.com.vn/wp-content/uploads/elementor/google-fonts/fonts/sarabun-dtvmjx26tker37c9yl5rilus6zdx.woff2]
[utopia.com.vn/wp-content/uploads/elementor/google-fonts/fonts/sarabun-dtvmjx26tker37c9yl5rilss6w.woff2]
[utopia.com.vn/wp-content/uploads/elementor/google-fonts/fonts/sarabun-dtvjjx26tker37c9aafjn2qn.woff2]
[utopia.com.vn/wp-content/uploads/elementor/google-fonts/fonts/sarabun-dtvjjx26tker37c9abpjn2qn.woff2]
[utopia.com.vn/wp-content/uploads/elementor/google-fonts/fonts/sarabun-dtvjjx26tker37c9abtjn2qn.woff2]
[utopia.com.vn/wp-content/uploads/elementor/google-fonts/fonts/sarabun-dtvjjx26tker37c9abvjnw.woff2]
[utopia.com.vn/wp-content/uploads/elementor/google-fonts/fonts/sarabun-dtvmjx26tker37c9yozqik8s6zdx.woff2]
[utopia.com.vn/wp-content/uploads/elementor/google-fonts/fonts/sarabun-dtvmjx26tker37c9yozqilqs6zdx.woff2]
[utopia.com.vn/wp-content/uploads/elementor/google-fonts/fonts/sarabun-dtvmjx26tker37c9yozqilus6zdx.woff2]
[utopia.com.vn/wp-content/uploads/elementor/google-fonts/fonts/sarabun-dtvmjx26tker37c9yozqilss6w.woff2]
[utopia.com.vn/wp-content/uploads/elementor/google-fonts/fonts/sarabun-dtvmjx26tker37c9ymptik8s6zdx.woff2]
[utopia.com.vn/wp-content/uploads/elementor/google-fonts/fonts/sarabun-dtvmjx26tker37c9ymptilqs6zdx.woff2]
[utopia.com.vn/wp-content/uploads/elementor/google-fonts/fonts/sarabun-dtvmjx26tker37c9ymptilus6zdx.woff2]
[utopia.com.vn/wp-content/uploads/elementor/google-fonts/fonts/sarabun-dtvmjx26tker37c9ymptilss6w.woff2]
[utopia.com.vn/wp-content/uploads/elementor/google-fonts/fonts/sarabun-dtvmjx26tker37c9yk5sik8s6zdx.woff2]
[utopia.com.vn/wp-content/uploads/elementor/google-fonts/fonts/sarabun-dtvmjx26tker37c9yk5silqs6zdx.woff2]
[utopia.com.vn/wp-content/uploads/elementor/google-fonts/fonts/sarabun-dtvmjx26tker37c9yk5silus6zdx.woff2]
[utopia.com.vn/wp-content/uploads/elementor/google-fonts/fonts/sarabun-dtvmjx26tker37c9yk5silss6w.woff2]
[utopia.com.vn/wp-content/uploads/elementor/google-fonts/fonts/sarabun-dtvmjx26tker37c9yljvik8s6zdx.woff2]
[utopia.com.vn/wp-content/uploads/elementor/google-fonts/fonts/sarabun-dtvmjx26tker37c9yljvilqs6zdx.woff2]
[utopia.com.vn/wp-content/uploads/elementor/google-fonts/fonts/sarabun-dtvmjx26tker37c9yljvilus6zdx.woff2]
[utopia.com.vn/wp-content/uploads/elementor/google-fonts/fonts/sarabun-dtvmjx26tker37c9yljvilss6w.woff2]
[utopia.com.vn/wp-content/uploads/elementor/google-fonts/css/sarabunbcbc.css]
[utopia.com.vn/wp-content/uploads/elementor/google-fonts/fonts/anton-1ptgg87lroyam3k8-c8qsw.woff2]
[utopia.com.vn/wp-content/uploads/elementor/google-fonts/fonts/anton-1ptgg87lroyam3k9-c8qsw.woff2]
[utopia.com.vn/wp-content/uploads/elementor/google-fonts/fonts/anton-1ptgg87lroyam3kz-c8.woff2]
[utopia.com.vn/wp-content/uploads/elementor/google-fonts/css/antone1a2.css]
[utopia.com.vn/wp-includes/js/jquery/jquery.minf43b.js]
[utopia.com.vn/wp-includes/js/jquery/jquery-migrate.min5589.js]
[utopia.com.vn/xmlrpc0db0.html]
[www.googletagmanager.com/gtm5445.html]
[utopia.com.vn/index.php/wp-json/oembed/1.0/embed54ea]
[utopia.com.vn/wp-content/plugins/translatepress-multilingual/assets/js/trp-translate-dom-changes5461.js]
[utopia.com.vn/en/index.html]
[utopia.com.vn/wp-content/uploads/elementor/css/post-606c303.css]
[utopia.com.vn/wp-content/uploads/elementor/css/custom-pro-widget-video-playlist.min78ef.css]
[utopia.com.vn/wp-content/plugins/elementor-pro/assets/css/widget-gallery.min89ce.css]
[utopia.com.vn/wp-content/plugins/elementor/assets/lib/e-gallery/css/e-gallery.min7359.css]
[utopia.com.vn/wp-content/plugins/elementor-pro/assets/css/conditionals/transitions.min89ce.css]
[utopia.com.vn/wp-content/uploads/elementor/css/custom-widget-nested-tabs.min78ef.css]
[raw.githubusercontent.com/davidjbradshaw/image-map-resizer/master/js/imageMapResizer.min.js]
[utopia.com.vn/wp-content/plugins/3d-flipbook-dflip-lite/assets/index.html]
[utopia.com.vn/wp-content/plugins/consultation form utopia/consultation-form5152.js]
[utopia.com.vn/wp-content/themes/hello-elementor/assets/js/hello-frontend.min5589.js]
[utopia.com.vn/wp-content/themes/hello-elementor/js/utopia-video-gallery.js]
[utopia.com.vn/wp-content/plugins/3d-flipbook-dflip-lite/assets/js/dflip.min736c.js]
[utopia.com.vn/wp-content/plugins/elementor-pro/assets/lib/smartmenus/jquery.smartmenus.min1576.js]
[utopia.com.vn/Trident/index.html]
[utopia.com.vn/l]
[utopia.com.vn/e]
[utopia.com.vn/t.params.url]
[utopia.com.vn/wp-content/plugins/elementor/assets/lib/swiper/v8/swiper.min94a4.js]
[utopia.com.vn/wp-includes/js/imagesloaded.minbb93.js]
[utopia.com.vn/wp-content/plugins/wpfront-scroll-top/js/wpfront-scroll-top.min93a9.js]
[utopia.com.vn/wp-content/plugins/elementor/assets/lib/e-gallery/js/e-gallery.min7359.js]
[utopia.com.vn/wp-content/plugins/elementor-pro/assets/js/webpack-pro.runtime.min89ce.js]
[utopia.com.vn/wp-content/plugins/elementor/assets/js/webpack.runtime.min89ce.js]
[utopia.com.vn/wp-content/plugins/elementor/assets/js/frontend-modules.min89ce.js]
[utopia.com.vn/wp-includes/js/dist/hooks.minaf5f.js]
[utopia.com.vn/wp-includes/js/dist/i18n.min1cde.js]
[utopia.com.vn/wp-content/plugins/elementor-pro/assets/js/frontend.min89ce.js]
[utopia.com.vn/wp-includes/js/jquery/ui/core.minb37e.js]
[utopia.com.vn/-negative.svg]
[utopia.com.vn/wp-content/plugins/elementor/assets/js/frontend.min89ce.js]
[utopia.com.vn/window.location.e6.delayed]
[utopia.com.vn/wp-content/plugins/elementor-pro/assets/js/elements-handlers.min89ce.js]
[utopia.com.vn/wp-content/plugins/translatepress-multilingual/assets/images/arrow-down-3101.svg]
[utopia.com.vn/index.php/wp-json/oembed/1.0/embedd539.json]
[utopia.com.vn/index.php/wp-json/oembed/1.0/embed54ea]
[utopia.com.vn/wp-content/plugins/translatepress-multilingual/assets/js/trp-translate-dom-changes5461.js]
[utopia.com.vn/Trident/index.html]
[utopia.com.vn/chrome-extension_/index.html]
[utopia.com.vn/l.html]
[utopia.com.vn/e.html]
[utopia.com.vn/t.params.html]
[utopia.com.vn/-negative.html]
[utopia.com.vn/OPR/index.html]
[utopia.com.vn/OPR/index.html]
[utopia.com.vn/window.location.html]
